** Drc report for air-quality-pcb-v7.kicad_pcb **
** Created on 2026-10-01T12:47:26 **
** Report includes: Errors, Warnings **

** Found 11 DRC violations **
[starved_thermal]: Verbindung der Wärmefalle zur Zone unvollständig (Lage B.Cu; 1 Stege zu isolierter Insel verbunden)
    Local override; error
    @(15.5000 mm, 15.0000 mm): Zone 'GND_1' [/GND] on B.Cu, priority 1
    @(69.7600 mm, 81.1125 mm): PTH pad 1 [/GND] of SW3
[starved_thermal]: Verbindung der Wärmefalle zur Zone unvollständig (Lage F.Cu; Zone min. Steganzahl 2; tatsächlich 1)
    Local override; error
    @(22.5000 mm, 15.0000 mm): Zone 'GND' [/GND] on F.Cu, priority 0
    @(57.2980 mm, 77.3517 mm): Pad A1 [/GND] of J1 on F.Cu
[starved_thermal]: Verbindung der Wärmefalle zur Zone unvollständig (Lage F.Cu; Zone min. Steganzahl 2; tatsächlich 1)
    Local override; error
    @(22.5000 mm, 15.0000 mm): Zone 'GND' [/GND] on F.Cu, priority 0
    @(63.7980 mm, 77.3517 mm): Pad A12 [/GND] of J1 on F.Cu
[starved_thermal]: Verbindung der Wärmefalle zur Zone unvollständig (Lage F.Cu; Zone min. Steganzahl 2; tatsächlich 1)
    Local override; error
    @(22.5000 mm, 15.0000 mm): Zone 'GND' [/GND] on F.Cu, priority 0
    @(63.7980 mm, 77.3517 mm): Pad B1 [/GND] of J1 on F.Cu
[starved_thermal]: Verbindung der Wärmefalle zur Zone unvollständig (Lage F.Cu; Zone min. Steganzahl 2; tatsächlich 1)
    Local override; error
    @(22.5000 mm, 15.0000 mm): Zone 'GND' [/GND] on F.Cu, priority 0
    @(57.2980 mm, 77.3517 mm): Pad B12 [/GND] of J1 on F.Cu
[silk_edge_clearance]: Silkscreen clipped by board edge
    Rule: Einschränkungen aus Platinenkonfiguration zum Bestückungsdruck; warning
    @(41.0000 mm, 26.3000 mm): Segment on Edge.Cuts
    @(64.1100 mm, 20.2900 mm): Segment of U1 on F.Silkscreen
[silk_edge_clearance]: Silkscreen clipped by board edge
    Rule: Einschränkungen aus Platinenkonfiguration zum Bestückungsdruck; warning
    @(41.0000 mm, 26.3000 mm): Segment on Edge.Cuts
    @(45.9000 mm, 26.8000 mm): Polygon of U1 on F.Silkscreen
[silk_edge_clearance]: Silkscreen clipped by board edge
    Rule: Einschränkungen aus Platinenkonfiguration zum Bestückungsdruck; warning
    @(76.3307 mm, 84.0000 mm): Segment on Edge.Cuts
    @(55.8480 mm, 83.3967 mm): Segment of J1 on F.Silkscreen
[silk_edge_clearance]: Silkscreen clipped by board edge
    Rule: Einschränkungen aus Platinenkonfiguration zum Bestückungsdruck; warning
    @(76.3307 mm, 84.0000 mm): Segment on Edge.Cuts
    @(65.2480 mm, 83.3967 mm): Segment of J1 on F.Silkscreen
[lib_footprint_mismatch]: Footprint "LED_Kingbright_KPA-3010_3x2x1mm" stimmt nicht mit Kopie in Bibliothek "LED_SMD" überein.
    Local override; warning
    @(36.0000 mm, 83.0000 mm): Footprint D3
[silk_over_copper]: Silkscreen clipped by solder mask
    Local override; warning
    @(54.0480 mm, 80.3967 mm): Reference field of J1
    @(52.9521 mm, 81.1421 mm): PTH pad [<no net>] of SW4

** Found 171 unconnected pads **
[unconnected_items]: Missing connection between items
    Local override; error
    @(46.2500 mm, 32.0000 mm): Pad 4 [/SERVO_PWM] of U1 on F.Cu
    @(150.5875 mm, 101.5000 mm): Pad 1 [/SERVO_PWM] of R17 on F.Cu
[unconnected_items]: Missing connection between items
    Local override; error
    @(152.4125 mm, 101.5000 mm): Pad 2 [/SERVO_SIG] of R17 on F.Cu
    @(155.0000 mm, 99.9600 mm): PTH pad 1 [/SERVO_SIG] of J3
[unconnected_items]: Missing connection between items
    Local override; error
    @(24.6000 mm, 53.8125 mm): Pad 2 [/+3V3] of U5 on F.Cu
    @(23.8000 mm, 56.1875 mm): Pad 8 [/+3V3] of U5 on F.Cu
[unconnected_items]: Missing connection between items
    Local override; error
    @(25.4000 mm, 56.1875 mm): Pad 6 [/+3V3] of U5 on F.Cu
    @(23.8000 mm, 56.1875 mm): Pad 8 [/+3V3] of U5 on F.Cu
[unconnected_items]: Missing connection between items
    Local override; error
    @(46.2500 mm, 27.5000 mm): Pad 1 [/+3V3] of U1 on F.Cu
    @(24.6000 mm, 53.8125 mm): Pad 2 [/+3V3] of U5 on F.Cu
[unconnected_items]: Missing connection between items
    Local override; error
    @(46.2500 mm, 27.5000 mm): Pad 1 [/+3V3] of U1 on F.Cu
    @(152.9500 mm, 41.0875 mm): Pad 1 [/+3V3] of R2 on F.Cu
[unconnected_items]: Missing connection between items
    Local override; error
    @(152.9500 mm, 41.0875 mm): Pad 1 [/+3V3] of R2 on F.Cu
    @(157.9500 mm, 41.0000 mm): Pad 1 [/+3V3] of C15 on F.Cu
[unconnected_items]: Missing connection between items
    Local override; error
    @(157.9500 mm, 38.0000 mm): Pad 1 [/+3V3] of C14 on F.Cu
    @(157.9500 mm, 33.4125 mm): Pad 1 [/+3V3] of R18 on F.Cu
[unconnected_items]: Missing connection between items
    Local override; error
    @(157.9500 mm, 41.0000 mm): Pad 1 [/+3V3] of C15 on F.Cu
    @(157.9500 mm, 38.0000 mm): Pad 1 [/+3V3] of C14 on F.Cu
[unconnected_items]: Missing connection between items
    Local override; error
    @(158.0000 mm, 44.0000 mm): Pad 1 [/+3V3] of C16 on F.Cu
    @(157.9500 mm, 41.0000 mm): Pad 1 [/+3V3] of C15 on F.Cu
[unconnected_items]: Missing connection between items
    Local override; error
    @(158.0000 mm, 44.0000 mm): Pad 1 [/+3V3] of C16 on F.Cu
    @(167.9500 mm, 43.5000 mm): Pad 1 [/+3V3] of C12 on F.Cu
[unconnected_items]: Missing connection between items
    Local override; error
    @(167.9500 mm, 43.5000 mm): Pad 1 [/+3V3] of C12 on F.Cu
    @(170.0500 mm, 43.5000 mm): Pad 1 [/+3V3] of C11 on F.Cu
[unconnected_items]: Missing connection between items
    Local override; error
    @(169.9500 mm, 33.4125 mm): Pad 1 [/+3V3] of R19 on F.Cu
    @(171.9125 mm, 38.5000 mm): Pad 1 [/+3V3] of R1 on F.Cu
[unconnected_items]: Missing connection between items
    Local override; error
    @(170.0500 mm, 41.0000 mm): Pad 1 [/+3V3] of C2 on F.Cu
    @(167.9500 mm, 41.0000 mm): Pad 1 [/+3V3] of C3 on F.Cu
[unconnected_items]: Missing connection between items
    Local override; error
    @(170.0500 mm, 43.5000 mm): Pad 1 [/+3V3] of C11 on F.Cu
    @(170.0500 mm, 41.0000 mm): Pad 1 [/+3V3] of C2 on F.Cu
[unconnected_items]: Missing connection between items
    Local override; error
    @(171.9125 mm, 38.5000 mm): Pad 1 [/+3V3] of R1 on F.Cu
    @(170.0500 mm, 41.0000 mm): Pad 1 [/+3V3] of C2 on F.Cu
[unconnected_items]: Missing connection between items
    Local override; error
    @(171.9500 mm, 72.0875 mm): Pad 1 [/+3V3] of R3 on F.Cu
    @(170.0500 mm, 43.5000 mm): Pad 1 [/+3V3] of C11 on F.Cu
[unconnected_items]: Missing connection between items
    Local override; error
    @(171.9500 mm, 72.0875 mm): Pad 1 [/+3V3] of R3 on F.Cu
    @(204.0000 mm, 69.8625 mm): Pad 1 [/+3V3] of R5 on F.Cu
[unconnected_items]: Missing connection between items
    Local override; error
    @(171.9500 mm, 72.0875 mm): Pad 1 [/+3V3] of R3 on F.Cu
    @(131.0625 mm, 118.2750 mm): Pad 2 [/+3V3] of Q8 on F.Cu
[unconnected_items]: Missing connection between items
    Local override; error
    @(204.0000 mm, 69.8625 mm): Pad 1 [/+3V3] of R5 on F.Cu
    @(206.5000 mm, 68.0375 mm): Pad 1 [/+3V3] of R16 on F.Cu
[unconnected_items]: Missing connection between items
    Local override; error
    @(206.5000 mm, 68.0375 mm): Pad 1 [/+3V3] of R16 on F.Cu
    @(211.1375 mm, 58.4500 mm): Pad 5 [/+3V3] of U4 on F.Cu
[unconnected_items]: Missing connection between items
    Local override; error
    @(131.0625 mm, 116.3750 mm): Pad 1 [/QT_PWR_N] of Q8 on F.Cu
    @(152.9500 mm, 42.9125 mm): Pad 2 [/QT_PWR_N] of R2 on F.Cu
[unconnected_items]: Missing connection between items
    Local override; error
    @(152.9500 mm, 42.9125 mm): Pad 2 [/QT_PWR_N] of R2 on F.Cu
    @(63.7500 mm, 30.5000 mm): Pad 16 [/QT_PWR_N] of U1 on F.Cu
[unconnected_items]: Missing connection between items
    Local override; error
    @(23.8000 mm, 53.8125 mm): Pad 1 [/GND] of U5 on F.Cu
    @(24.6000 mm, 56.1875 mm): Pad 7 [/GND] of U5 on F.Cu
[unconnected_items]: Missing connection between items
    Local override; error
    @(26.2000 mm, 56.1875 mm): Pad 5 [/GND] of U5 on F.Cu
    @(24.6000 mm, 56.1875 mm): Pad 7 [/GND] of U5 on F.Cu
[unconnected_items]: Missing connection between items
    Local override; error
    @(22.5000 mm, 15.0000 mm): Zone 'GND' [/GND] on F.Cu, priority 0
    @(26.2000 mm, 56.1875 mm): Pad 5 [/GND] of U5 on F.Cu
[unconnected_items]: Missing connection between items
    Local override; error
    @(100.9500 mm, 117.3250 mm): Pad 2 [/GND] of C23 on F.Cu
    @(113.2000 mm, 119.2000 mm): Pad MP [/GND] of J5 on F.Cu
[unconnected_items]: Missing connection between items
    Local override; error
    @(100.9500 mm, 117.3250 mm): Pad 2 [/GND] of C23 on F.Cu
    @(22.5000 mm, 15.0000 mm): Zone 'GND' [/GND] on F.Cu, priority 0
[unconnected_items]: Missing connection between items
    Local override; error
    @(113.2000 mm, 119.2000 mm): Pad MP [/GND] of J5 on F.Cu
    @(114.5000 mm, 115.3250 mm): Pad 1 [/GND] of J5 on F.Cu
[unconnected_items]: Missing connection between items
    Local override; error
    @(114.5000 mm, 115.3250 mm): Pad 1 [/GND] of J5 on F.Cu
    @(117.0625 mm, 106.9500 mm): Pad 2 [/GND] of Q7 on F.Cu
[unconnected_items]: Missing connection between items
    Local override; error
    @(118.8000 mm, 119.2000 mm): Pad MP [/GND] of J5 on F.Cu
    @(113.2000 mm, 119.2000 mm): Pad MP [/GND] of J5 on F.Cu
[unconnected_items]: Missing connection between items
    Local override; error
    @(118.8000 mm, 119.2000 mm): Pad MP [/GND] of J5 on F.Cu
    @(124.9125 mm, 125.3250 mm): Pad 2 [/GND] of R32 on F.Cu
[unconnected_items]: Missing connection between items
    Local override; error
    @(124.9125 mm, 125.3250 mm): Pad 2 [/GND] of R32 on F.Cu
    @(130.8625 mm, 125.3250 mm): Pad 2 [/GND] of U8 on F.Cu
[unconnected_items]: Missing connection between items
    Local override; error
    @(124.9500 mm, 98.0000 mm): Pad 2 [/GND] of C20 on F.Cu
    @(117.0625 mm, 106.9500 mm): Pad 2 [/GND] of Q7 on F.Cu
[unconnected_items]: Missing connection between items
    Local override; error
    @(130.9500 mm, 98.0000 mm): Pad 2 [/GND] of C21 on F.Cu
    @(124.9500 mm, 98.0000 mm): Pad 2 [/GND] of C20 on F.Cu
[unconnected_items]: Missing connection between items
    Local override; error
    @(146.0000 mm, 102.0000 mm): Pad 2 [/GND] of R4 on F.Cu
    @(130.9500 mm, 98.0000 mm): Pad 2 [/GND] of C21 on F.Cu
[unconnected_items]: Missing connection between items
    Local override; error
    @(150.5500 mm, 104.0000 mm): Pad 2 [/GND] of C19 on F.Cu
    @(155.0000 mm, 105.0400 mm): PTH pad 3 [/GND] of J3
[unconnected_items]: Missing connection between items
    Local override; error
    @(150.5500 mm, 104.0000 mm): Pad 2 [/GND] of C19 on F.Cu
    @(146.0000 mm, 102.0000 mm): Pad 2 [/GND] of R4 on F.Cu
[unconnected_items]: Missing connection between items
    Local override; error
    @(151.9500 mm, 95.5000 mm): Pad 2 [/GND] of C18 on F.Cu
    @(150.5500 mm, 104.0000 mm): Pad 2 [/GND] of C19 on F.Cu
[unconnected_items]: Missing connection between items
    Local override; error
    @(155.0000 mm, 105.0400 mm): PTH pad 3 [/GND] of J3
    @(162.0000 mm, 107.3000 mm): Pad 2 [/GND] of C13 on F.Cu
[unconnected_items]: Missing connection between items
    Local override; error
    @(159.4500 mm, 92.0000 mm): Pad 2 [/GND] of C8 on F.Cu
    @(160.0000 mm, 86.8625 mm): Pad 2 [/GND] of U7 on F.Cu
[unconnected_items]: Missing connection between items
    Local override; error
    @(159.4500 mm, 92.0000 mm): Pad 2 [/GND] of C8 on F.Cu
    @(151.9500 mm, 95.5000 mm): Pad 2 [/GND] of C18 on F.Cu
[unconnected_items]: Missing connection between items
    Local override; error
    @(159.8500 mm, 41.0000 mm): Pad 2 [/GND] of C15 on F.Cu
    @(159.8500 mm, 38.0000 mm): Pad 2 [/GND] of C14 on F.Cu
[unconnected_items]: Missing connection between items
    Local override; error
    @(159.9000 mm, 44.0000 mm): Pad 2 [/GND] of C16 on F.Cu
    @(159.8500 mm, 41.0000 mm): Pad 2 [/GND] of C15 on F.Cu
[unconnected_items]: Missing connection between items
    Local override; error
    @(160.0000 mm, 86.8625 mm): Pad 2 [/GND] of U7 on F.Cu
    @(178.0000 mm, 88.0000 mm): PTH pad 2 [/GND] of J4
[unconnected_items]: Missing connection between items
    Local override; error
    @(160.4125 mm, 84.0000 mm): Pad 2 [/GND] of R23 on F.Cu
    @(160.0000 mm, 86.8625 mm): Pad 2 [/GND] of U7 on F.Cu
[unconnected_items]: Missing connection between items
    Local override; error
    @(165.9000 mm, 65.0625 mm): Pad 1 [/GND] of Q4 on F.Cu
    @(165.4000 mm, 62.5000 mm): Pad 2 [/GND] of C9 on F.Cu
[unconnected_items]: Missing connection between items
    Local override; error
    @(165.9000 mm, 65.0625 mm): Pad 1 [/GND] of Q4 on F.Cu
    @(171.0000 mm, 65.5000 mm): Pad 2 [/GND] of C17 on F.Cu
[unconnected_items]: Missing connection between items
    Local override; error
    @(166.0500 mm, 38.5000 mm): Pad 2 [/GND] of C1 on F.Cu
    @(166.0500 mm, 41.0000 mm): Pad 2 [/GND] of C3 on F.Cu
[unconnected_items]: Missing connection between items
    Local override; error
    @(166.0500 mm, 41.0000 mm): Pad 2 [/GND] of C3 on F.Cu
    @(166.0500 mm, 43.5000 mm): Pad 2 [/GND] of C12 on F.Cu
[unconnected_items]: Missing connection between items
    Local override; error
    @(166.0500 mm, 43.5000 mm): Pad 2 [/GND] of C12 on F.Cu
    @(171.9500 mm, 43.5000 mm): Pad 2 [/GND] of C11 on F.Cu
[unconnected_items]: Missing connection between items
    Local override; error
    @(166.0500 mm, 43.5000 mm): Pad 2 [/GND] of C12 on F.Cu
    @(159.9000 mm, 44.0000 mm): Pad 2 [/GND] of C16 on F.Cu
[unconnected_items]: Missing connection between items
    Local override; error
    @(167.8500 mm, 50.5000 mm): Pad 2 [/GND] of C7 on F.Cu
    @(166.8125 mm, 55.5000 mm): Pad 2 [/GND] of U3 on F.Cu
[unconnected_items]: Missing connection between items
    Local override; error
    @(167.8500 mm, 50.5000 mm): Pad 2 [/GND] of C7 on F.Cu
    @(166.0500 mm, 43.5000 mm): Pad 2 [/GND] of C12 on F.Cu
[unconnected_items]: Missing connection between items
    Local override; error
    @(170.8625 mm, 62.5000 mm): Pad 2 [/GND] of R9 on F.Cu
    @(170.9000 mm, 60.5000 mm): Pad 2 [/GND] of C6 on F.Cu
[unconnected_items]: Missing connection between items
    Local override; error
    @(170.8625 mm, 62.5000 mm): Pad 2 [/GND] of R9 on F.Cu
    @(171.0000 mm, 65.5000 mm): Pad 2 [/GND] of C17 on F.Cu
[unconnected_items]: Missing connection between items
    Local override; error
    @(170.9000 mm, 60.5000 mm): Pad 2 [/GND] of C6 on F.Cu
    @(166.8125 mm, 55.5000 mm): Pad 2 [/GND] of U3 on F.Cu
[unconnected_items]: Missing connection between items
    Local override; error
    @(170.9000 mm, 60.5000 mm): Pad 2 [/GND] of C6 on F.Cu
    @(183.9500 mm, 61.2500 mm): Pad 2 [/GND] of SW1 on F.Cu
[unconnected_items]: Missing connection between items
    Local override; error
    @(171.0000 mm, 65.5000 mm): Pad 2 [/GND] of C17 on F.Cu
    @(171.0375 mm, 68.0000 mm): Pad 2 [/GND] of R21 on F.Cu
[unconnected_items]: Missing connection between items
    Local override; error
    @(171.9500 mm, 43.5000 mm): Pad 2 [/GND] of C11 on F.Cu
    @(171.9500 mm, 41.0000 mm): Pad 2 [/GND] of C2 on F.Cu
[unconnected_items]: Missing connection between items
    Local override; error
    @(172.4500 mm, 52.5875 mm): Pad 2 [/GND] of R14 on F.Cu
    @(167.8500 mm, 50.5000 mm): Pad 2 [/GND] of C7 on F.Cu
[unconnected_items]: Missing connection between items
    Local override; error
    @(178.0000 mm, 88.0000 mm): PTH pad 2 [/GND] of J4
    @(185.5875 mm, 71.9500 mm): Pad 2 [/GND] of R10 on F.Cu
[unconnected_items]: Missing connection between items
    Local override; error
    @(187.6375 mm, 67.9500 mm): Pad 2 [/GND] of U6 on F.Cu
    @(185.5875 mm, 71.9500 mm): Pad 2 [/GND] of R10 on F.Cu
[unconnected_items]: Missing connection between items
    Local override; error
    @(187.6375 mm, 67.9500 mm): Pad 2 [/GND] of U6 on F.Cu
    @(193.5000 mm, 69.5375 mm): Pad 2 [/GND] of R11 on F.Cu
[unconnected_items]: Missing connection between items
    Local override; error
    @(187.6375 mm, 67.9500 mm): Pad 2 [/GND] of U6 on F.Cu
    @(188.0500 mm, 61.2500 mm): Pad 2 [/GND] of SW1 on F.Cu
[unconnected_items]: Missing connection between items
    Local override; error
    @(188.0500 mm, 61.2500 mm): Pad 2 [/GND] of SW1 on F.Cu
    @(190.4500 mm, 61.2500 mm): Pad 2 [/GND] of SW2 on F.Cu
[unconnected_items]: Missing connection between items
    Local override; error
    @(188.0500 mm, 61.2500 mm): Pad 2 [/GND] of SW1 on F.Cu
    @(183.9500 mm, 61.2500 mm): Pad 2 [/GND] of SW1 on F.Cu
[unconnected_items]: Missing connection between items
    Local override; error
    @(194.5500 mm, 61.2500 mm): Pad 2 [/GND] of SW2 on F.Cu
    @(190.4500 mm, 61.2500 mm): Pad 2 [/GND] of SW2 on F.Cu
[unconnected_items]: Missing connection between items
    Local override; error
    @(198.0000 mm, 64.0375 mm): Pad 2 [/GND] of R13 on F.Cu
    @(194.5500 mm, 61.2500 mm): Pad 2 [/GND] of SW2 on F.Cu
[unconnected_items]: Missing connection between items
    Local override; error
    @(205.0000 mm, 58.5500 mm): Pad 2 [/GND] of C10 on F.Cu
    @(198.0000 mm, 64.0375 mm): Pad 2 [/GND] of R13 on F.Cu
[unconnected_items]: Missing connection between items
    Local override; error
    @(208.8625 mm, 59.4000 mm): Pad 2 [/GND] of U4 on F.Cu
    @(205.0000 mm, 58.5500 mm): Pad 2 [/GND] of C10 on F.Cu
[unconnected_items]: Missing connection between items
    Local override; error
    @(63.7500 mm, 39.5000 mm): Pad 10 [/BOOST_EN] of U1 on F.Cu
    @(117.0625 mm, 105.0500 mm): Pad 1 [/BOOST_EN] of Q7 on F.Cu
[unconnected_items]: Missing connection between items
    Local override; error
    @(117.0625 mm, 105.0500 mm): Pad 1 [/BOOST_EN] of Q7 on F.Cu
    @(144.1750 mm, 102.0000 mm): Pad 1 [/BOOST_EN] of R4 on F.Cu
[unconnected_items]: Missing connection between items
    Local override; error
    @(144.1750 mm, 102.0000 mm): Pad 1 [/BOOST_EN] of R4 on F.Cu
    @(159.0500 mm, 89.1375 mm): Pad 4 [/BOOST_EN] of U7 on F.Cu
[unconnected_items]: Missing connection between items
    Local override; error
    @(112.0000 mm, 105.0875 mm): Pad 2 [/BOOST_PD] of R28 on F.Cu
    @(118.9375 mm, 106.0000 mm): Pad 3 [/BOOST_PD] of Q7 on F.Cu
[unconnected_items]: Missing connection between items
    Local override; error
    @(46.2500 mm, 29.0000 mm): Pad 2 [/EN] of U1 on F.Cu
    @(167.9500 mm, 38.5000 mm): Pad 1 [/EN] of C1 on F.Cu
[unconnected_items]: Missing connection between items
    Local override; error
    @(170.0875 mm, 38.5000 mm): Pad 2 [/EN] of R1 on F.Cu
    @(167.9500 mm, 38.5000 mm): Pad 1 [/EN] of C1 on F.Cu
[unconnected_items]: Missing connection between items
    Local override; error
    @(183.9500 mm, 59.6500 mm): Pad 1 [/EN] of SW1 on F.Cu
    @(188.0500 mm, 59.6500 mm): Pad 1 [/EN] of SW1 on F.Cu
[unconnected_items]: Missing connection between items
    Local override; error
    @(183.9500 mm, 59.6500 mm): Pad 1 [/EN] of SW1 on F.Cu
    @(170.0875 mm, 38.5000 mm): Pad 2 [/EN] of R1 on F.Cu
[unconnected_items]: Missing connection between items
    Local override; error
    @(46.2500 mm, 30.5000 mm): Pad 3 [/MODE_B] of U1 on F.Cu
    @(50.8521 mm, 81.1421 mm): PTH pad 4 [/MODE_B] of SW4
[unconnected_items]: Missing connection between items
    Local override; error
    @(46.2500 mm, 33.5000 mm): Pad 5 [/SDA] of U1 on F.Cu
    @(25.4000 mm, 53.8125 mm): Pad 3 [/SDA] of U5 on F.Cu
[unconnected_items]: Missing connection between items
    Local override; error
    @(139.0625 mm, 118.2750 mm): Pad 2 [/SDA] of Q9 on F.Cu
    @(157.9500 mm, 31.5875 mm): Pad 2 [/SDA] of R18 on F.Cu
[unconnected_items]: Missing connection between items
    Local override; error
    @(157.9500 mm, 31.5875 mm): Pad 2 [/SDA] of R18 on F.Cu
    @(46.2500 mm, 33.5000 mm): Pad 5 [/SDA] of U1 on F.Cu
[unconnected_items]: Missing connection between items
    Local override; error
    @(46.2500 mm, 35.0000 mm): Pad 6 [/SCL] of U1 on F.Cu
    @(26.2000 mm, 53.8125 mm): Pad 4 [/SCL] of U5 on F.Cu
[unconnected_items]: Missing connection between items
    Local override; error
    @(46.2500 mm, 35.0000 mm): Pad 6 [/SCL] of U1 on F.Cu
    @(123.0625 mm, 118.2750 mm): Pad 2 [/SCL] of Q10 on F.Cu
[unconnected_items]: Missing connection between items
    Local override; error
    @(123.0625 mm, 118.2750 mm): Pad 2 [/SCL] of Q10 on F.Cu
    @(169.9500 mm, 31.5875 mm): Pad 2 [/SCL] of R19 on F.Cu
[unconnected_items]: Missing connection between items
    Local override; error
    @(46.2500 mm, 36.5000 mm): Pad 7 [/STATUS_LED_N] of U1 on F.Cu
    @(37.7500 mm, 82.5000 mm): Pad 1 [/STATUS_LED_N] of D3 on F.Cu
[unconnected_items]: Missing connection between items
    Local override; error
    @(204.0000 mm, 68.0375 mm): Pad 2 [/STATUS_LED_N] of R5 on F.Cu
    @(46.2500 mm, 36.5000 mm): Pad 7 [/STATUS_LED_N] of U1 on F.Cu
[unconnected_items]: Missing connection between items
    Local override; error
    @(46.2500 mm, 38.0000 mm): Pad 8 [/BOOT] of U1 on F.Cu
    @(171.9500 mm, 73.9125 mm): Pad 2 [/BOOT] of R3 on F.Cu
[unconnected_items]: Missing connection between items
    Local override; error
    @(190.4500 mm, 59.6500 mm): Pad 1 [/BOOT] of SW2 on F.Cu
    @(171.9500 mm, 73.9125 mm): Pad 2 [/BOOT] of R3 on F.Cu
[unconnected_items]: Missing connection between items
    Local override; error
    @(194.5500 mm, 59.6500 mm): Pad 1 [/BOOT] of SW2 on F.Cu
    @(190.4500 mm, 59.6500 mm): Pad 1 [/BOOT] of SW2 on F.Cu
[unconnected_items]: Missing connection between items
    Local override; error
    @(63.7500 mm, 38.0000 mm): Pad 11 [/CHG_DET] of U1 on F.Cu
    @(116.9125 mm, 125.3250 mm): Pad 2 [/CHG_DET] of R31 on F.Cu
[unconnected_items]: Missing connection between items
    Local override; error
    @(116.9125 mm, 125.3250 mm): Pad 2 [/CHG_DET] of R31 on F.Cu
    @(123.0875 mm, 125.3250 mm): Pad 1 [/CHG_DET] of R32 on F.Cu
[unconnected_items]: Missing connection between items
    Local override; error
    @(63.7500 mm, 35.0000 mm): Pad 13 [/USB_DM_MCU] of U1 on F.Cu
    @(106.9125 mm, 66.0000 mm): Pad 2 [/USB_DM_MCU] of R25 on F.Cu
[unconnected_items]: Missing connection between items
    Local override; error
    @(63.7500 mm, 33.5000 mm): Pad 14 [/USB_DP_MCU] of U1 on F.Cu
    @(106.9125 mm, 62.0000 mm): Pad 2 [/USB_DP_MCU] of R24 on F.Cu
[unconnected_items]: Missing connection between items
    Local override; error
    @(42.8521 mm, 81.1421 mm): PTH pad 1 [/MODE_A] of SW4
    @(63.7500 mm, 32.0000 mm): Pad 15 [/MODE_A] of U1 on F.Cu
[unconnected_items]: Missing connection between items
    Local override; error
    @(198.0000 mm, 65.8625 mm): Pad 1 [/VBUS_SENSE] of R13 on F.Cu
    @(63.7500 mm, 29.0000 mm): Pad 17 [/VBUS_SENSE] of U1 on F.Cu
[unconnected_items]: Missing connection between items
    Local override; error
    @(198.0000 mm, 67.5375 mm): Pad 2 [/VBUS_SENSE] of R12 on F.Cu
    @(198.0000 mm, 65.8625 mm): Pad 1 [/VBUS_SENSE] of R13 on F.Cu
[unconnected_items]: Missing connection between items
    Local override; error
    @(164.8625 mm, 59.5000 mm): Pad 2 [/VBAT_SENSE] of R20 on F.Cu
    @(63.7500 mm, 27.5000 mm): Pad 18 [/VBAT_SENSE] of U1 on F.Cu
[unconnected_items]: Missing connection between items
    Local override; error
    @(172.8625 mm, 68.0000 mm): Pad 1 [/VBAT_SENSE] of R21 on F.Cu
    @(172.9000 mm, 65.5000 mm): Pad 1 [/VBAT_SENSE] of C17 on F.Cu
[unconnected_items]: Missing connection between items
    Local override; error
    @(172.9000 mm, 65.5000 mm): Pad 1 [/VBAT_SENSE] of C17 on F.Cu
    @(164.8625 mm, 59.5000 mm): Pad 2 [/VBAT_SENSE] of R20 on F.Cu
[unconnected_items]: Missing connection between items
    Local override; error
    @(141.0625 mm, 63.0500 mm): Pad 1 [/PWR_GATE] of Q5 on F.Cu
    @(71.7600 mm, 81.1125 mm): PTH pad 2 [/PWR_GATE] of SW3
[unconnected_items]: Missing connection between items
    Local override; error
    @(146.0000 mm, 63.0875 mm): Pad 2 [/PWR_GATE] of R26 on F.Cu
    @(141.0625 mm, 63.0500 mm): Pad 1 [/PWR_GATE] of Q5 on F.Cu
[unconnected_items]: Missing connection between items
    Local override; error
    @(73.7600 mm, 81.1125 mm): PTH pad 3 [/VBAT_RAW] of SW3
    @(141.0625 mm, 64.9500 mm): Pad 2 [/VBAT_RAW] of Q5 on F.Cu
[unconnected_items]: Missing connection between items
    Local override; error
    @(141.0625 mm, 64.9500 mm): Pad 2 [/VBAT_RAW] of Q5 on F.Cu
    @(146.0000 mm, 64.9125 mm): Pad 1 [/VBAT_RAW] of R26 on F.Cu
[unconnected_items]: Missing connection between items
    Local override; error
    @(146.0000 mm, 64.9125 mm): Pad 1 [/VBAT_RAW] of R26 on F.Cu
    @(163.5000 mm, 62.5000 mm): Pad 1 [/VBAT_RAW] of C9 on F.Cu
[unconnected_items]: Missing connection between items
    Local override; error
    @(163.5000 mm, 62.5000 mm): Pad 1 [/VBAT_RAW] of C9 on F.Cu
    @(164.0000 mm, 65.0625 mm): Pad 2 [/VBAT_RAW] of Q4 on F.Cu
[unconnected_items]: Missing connection between items
    Local override; error
    @(163.5000 mm, 62.5000 mm): Pad 1 [/VBAT_RAW] of C9 on F.Cu
    @(166.8125 mm, 56.4500 mm): Pad 3 [/VBAT_RAW] of U3 on F.Cu
[unconnected_items]: Missing connection between items
    Local override; error
    @(112.9375 mm, 100.0000 mm): Pad 3 [/BOOST_IN] of Q6 on F.Cu
    @(118.0000 mm, 100.9500 mm): Pad 1 [/BOOST_IN] of C22 on F.Cu
[unconnected_items]: Missing connection between items
    Local override; error
    @(145.5000 mm, 90.5000 mm): Pad 1 [/BOOST_IN] of L1 on F.Cu
    @(150.0500 mm, 95.5000 mm): Pad 1 [/BOOST_IN] of C18 on F.Cu
[unconnected_items]: Missing connection between items
    Local override; error
    @(145.5000 mm, 90.5000 mm): Pad 1 [/BOOST_IN] of L1 on F.Cu
    @(118.0000 mm, 100.9500 mm): Pad 1 [/BOOST_IN] of C22 on F.Cu
[unconnected_items]: Missing connection between items
    Local override; error
    @(150.0500 mm, 95.5000 mm): Pad 1 [/BOOST_IN] of C18 on F.Cu
    @(160.0000 mm, 89.1375 mm): Pad 5 [/BOOST_IN] of U7 on F.Cu
[unconnected_items]: Missing connection between items
    Local override; error
    @(111.0625 mm, 99.0500 mm): Pad 1 [/BOOST_GATE] of Q6 on F.Cu
    @(106.0000 mm, 99.0875 mm): Pad 2 [/BOOST_GATE] of R27 on F.Cu
[unconnected_items]: Missing connection between items
    Local override; error
    @(112.0000 mm, 106.9125 mm): Pad 1 [/BOOST_GATE] of R28 on F.Cu
    @(111.0625 mm, 99.0500 mm): Pad 1 [/BOOST_GATE] of Q6 on F.Cu
[unconnected_items]: Missing connection between items
    Local override; error
    @(118.0000 mm, 99.0500 mm): Pad 2 [/BOOST_GATE] of C22 on F.Cu
    @(111.0625 mm, 99.0500 mm): Pad 1 [/BOOST_GATE] of Q6 on F.Cu
[unconnected_items]: Missing connection between items
    Local override; error
    @(106.0000 mm, 100.9125 mm): Pad 1 [/VSYS] of R27 on F.Cu
    @(111.0625 mm, 100.9500 mm): Pad 2 [/VSYS] of Q6 on F.Cu
[unconnected_items]: Missing connection between items
    Local override; error
    @(111.0625 mm, 100.9500 mm): Pad 2 [/VSYS] of Q6 on F.Cu
    @(123.0500 mm, 98.0000 mm): Pad 1 [/VSYS] of C20 on F.Cu
[unconnected_items]: Missing connection between items
    Local override; error
    @(123.0500 mm, 98.0000 mm): Pad 1 [/VSYS] of C20 on F.Cu
    @(154.4375 mm, 90.0500 mm): Pad 2 [/VSYS] of Q3 on F.Cu
[unconnected_items]: Missing connection between items
    Local override; error
    @(154.4375 mm, 90.0500 mm): Pad 2 [/VSYS] of Q3 on F.Cu
    @(201.6500 mm, 60.4500 mm): Pad 1 [/VSYS] of D1 on F.Cu
[unconnected_items]: Missing connection between items
    Local override; error
    @(201.6500 mm, 60.4500 mm): Pad 1 [/VSYS] of D1 on F.Cu
    @(205.0000 mm, 60.4500 mm): Pad 1 [/VSYS] of C10 on F.Cu
[unconnected_items]: Missing connection between items
    Local override; error
    @(208.8625 mm, 60.3500 mm): Pad 3 [/VSYS] of U4 on F.Cu
    @(208.8625 mm, 58.4500 mm): Pad 1 [/VSYS] of U4 on F.Cu
[unconnected_items]: Missing connection between items
    Local override; error
    @(208.8625 mm, 60.3500 mm): Pad 3 [/VSYS] of U4 on F.Cu
    @(205.0000 mm, 60.4500 mm): Pad 1 [/VSYS] of C10 on F.Cu
[unconnected_items]: Missing connection between items
    Local override; error
    @(164.9500 mm, 66.9375 mm): Pad 3 [/BAT_IN] of Q4 on F.Cu
    @(178.0000 mm, 86.0000 mm): PTH pad 1 [/BAT_IN] of J4
[unconnected_items]: Missing connection between items
    Local override; error
    @(128.6000 mm, 92.0000 mm): Pad 1 [/SERVO_5V] of D4 on F.Cu
    @(129.0500 mm, 98.0000 mm): Pad 1 [/SERVO_5V] of C21 on F.Cu
[unconnected_items]: Missing connection between items
    Local override; error
    @(129.0500 mm, 98.0000 mm): Pad 1 [/SERVO_5V] of C21 on F.Cu
    @(152.4500 mm, 104.0000 mm): Pad 1 [/SERVO_5V] of C19 on F.Cu
[unconnected_items]: Missing connection between items
    Local override; error
    @(152.4500 mm, 104.0000 mm): Pad 1 [/SERVO_5V] of C19 on F.Cu
    @(155.0000 mm, 102.5000 mm): PTH pad 2 [/SERVO_5V] of J3
[unconnected_items]: Missing connection between items
    Local override; error
    @(155.0000 mm, 102.5000 mm): PTH pad 2 [/SERVO_5V] of J3
    @(152.5875 mm, 84.0000 mm): Pad 1 [/SERVO_5V] of R22 on F.Cu
[unconnected_items]: Missing connection between items
    Local override; error
    @(162.0000 mm, 101.7000 mm): Pad 1 [/SERVO_5V] of C13 on F.Cu
    @(155.0000 mm, 102.5000 mm): PTH pad 2 [/SERVO_5V] of J3
[unconnected_items]: Missing connection between items
    Local override; error
    @(60.2980 mm, 77.3517 mm): Pad A6 [/USB_DP_CON] of J1 on F.Cu
    @(61.2980 mm, 77.3517 mm): Pad B6 [/USB_DP_CON] of J1 on F.Cu
[unconnected_items]: Missing connection between items
    Local override; error
    @(61.2980 mm, 77.3517 mm): Pad B6 [/USB_DP_CON] of J1 on F.Cu
    @(187.6375 mm, 68.9000 mm): Pad 1 [/USB_DP_CON] of U6 on F.Cu
[unconnected_items]: Missing connection between items
    Local override; error
    @(59.7980 mm, 77.3517 mm): Pad B7 [/USB_DM_CON] of J1 on F.Cu
    @(60.7980 mm, 77.3517 mm): Pad A7 [/USB_DM_CON] of J1 on F.Cu
[unconnected_items]: Missing connection between items
    Local override; error
    @(60.7980 mm, 77.3517 mm): Pad A7 [/USB_DM_CON] of J1 on F.Cu
    @(187.6375 mm, 67.0000 mm): Pad 3 [/USB_DM_CON] of U6 on F.Cu
[unconnected_items]: Missing connection between items
    Local override; error
    @(105.0875 mm, 66.0000 mm): Pad 1 [/USB_D-] of R25 on F.Cu
    @(185.3625 mm, 67.0000 mm): Pad 4 [/USB_D-] of U6 on F.Cu
[unconnected_items]: Missing connection between items
    Local override; error
    @(62.9980 mm, 77.3517 mm): Pad A9 [/VBUS] of J1 on F.Cu
    @(58.0980 mm, 77.3517 mm): Pad A4 [/VBUS] of J1 on F.Cu
[unconnected_items]: Missing connection between items
    Local override; error
    @(154.4375 mm, 91.9500 mm): Pad 1 [/VBUS] of Q3 on F.Cu
    @(157.5500 mm, 92.0000 mm): Pad 1 [/VBUS] of C8 on F.Cu
[unconnected_items]: Missing connection between items
    Local override; error
    @(154.4375 mm, 91.9500 mm): Pad 1 [/VBUS] of Q3 on F.Cu
    @(62.9980 mm, 77.3517 mm): Pad A9 [/VBUS] of J1 on F.Cu
[unconnected_items]: Missing connection between items
    Local override; error
    @(165.9500 mm, 50.5000 mm): Pad 1 [/VBUS] of C7 on F.Cu
    @(163.3625 mm, 50.5000 mm): Pad 1 [/VBUS] of R15 on F.Cu
[unconnected_items]: Missing connection between items
    Local override; error
    @(165.9500 mm, 50.5000 mm): Pad 1 [/VBUS] of C7 on F.Cu
    @(169.0875 mm, 56.4500 mm): Pad 4 [/VBUS] of U3 on F.Cu
[unconnected_items]: Missing connection between items
    Local override; error
    @(169.0000 mm, 60.5000 mm): Pad 1 [/VBUS] of C6 on F.Cu
    @(169.0375 mm, 62.5000 mm): Pad 1 [/VBUS] of R9 on F.Cu
[unconnected_items]: Missing connection between items
    Local override; error
    @(169.0375 mm, 62.5000 mm): Pad 1 [/VBUS] of R9 on F.Cu
    @(185.3625 mm, 67.9500 mm): Pad 5 [/VBUS] of U6 on F.Cu
[unconnected_items]: Missing connection between items
    Local override; error
    @(169.0375 mm, 62.5000 mm): Pad 1 [/VBUS] of R9 on F.Cu
    @(157.5500 mm, 92.0000 mm): Pad 1 [/VBUS] of C8 on F.Cu
[unconnected_items]: Missing connection between items
    Local override; error
    @(169.0875 mm, 56.4500 mm): Pad 4 [/VBUS] of U3 on F.Cu
    @(169.0000 mm, 60.5000 mm): Pad 1 [/VBUS] of C6 on F.Cu
[unconnected_items]: Missing connection between items
    Local override; error
    @(198.0000 mm, 69.3625 mm): Pad 1 [/VBUS] of R12 on F.Cu
    @(198.3500 mm, 60.4500 mm): Pad 2 [/VBUS] of D1 on F.Cu
[unconnected_items]: Missing connection between items
    Local override; error
    @(198.0000 mm, 69.3625 mm): Pad 1 [/VBUS] of R12 on F.Cu
    @(185.3625 mm, 67.9500 mm): Pad 5 [/VBUS] of U6 on F.Cu
[unconnected_items]: Missing connection between items
    Local override; error
    @(105.0875 mm, 62.0000 mm): Pad 1 [/USB_D+] of R24 on F.Cu
    @(185.3625 mm, 68.9000 mm): Pad 6 [/USB_D+] of U6 on F.Cu
[unconnected_items]: Missing connection between items
    Local override; error
    @(99.0500 mm, 117.3250 mm): Pad 1 [/QT_3V3] of C23 on F.Cu
    @(99.0875 mm, 125.3250 mm): Pad 1 [/QT_3V3] of R29 on F.Cu
[unconnected_items]: Missing connection between items
    Local override; error
    @(99.0875 mm, 125.3250 mm): Pad 1 [/QT_3V3] of R29 on F.Cu
    @(107.0875 mm, 125.3250 mm): Pad 1 [/QT_3V3] of R30 on F.Cu
[unconnected_items]: Missing connection between items
    Local override; error
    @(115.5000 mm, 115.3250 mm): Pad 2 [/QT_3V3] of J5 on F.Cu
    @(107.0875 mm, 125.3250 mm): Pad 1 [/QT_3V3] of R30 on F.Cu
[unconnected_items]: Missing connection between items
    Local override; error
    @(123.0625 mm, 116.3750 mm): Pad 1 [/QT_3V3] of Q10 on F.Cu
    @(115.5000 mm, 115.3250 mm): Pad 2 [/QT_3V3] of J5 on F.Cu
[unconnected_items]: Missing connection between items
    Local override; error
    @(123.0625 mm, 116.3750 mm): Pad 1 [/QT_3V3] of Q10 on F.Cu
    @(132.9375 mm, 117.3250 mm): Pad 3 [/QT_3V3] of Q8 on F.Cu
[unconnected_items]: Missing connection between items
    Local override; error
    @(133.1375 mm, 125.3250 mm): Pad 5 [/QT_3V3] of U8 on F.Cu
    @(132.9375 mm, 117.3250 mm): Pad 3 [/QT_3V3] of Q8 on F.Cu
[unconnected_items]: Missing connection between items
    Local override; error
    @(139.0625 mm, 116.3750 mm): Pad 1 [/QT_3V3] of Q9 on F.Cu
    @(132.9375 mm, 117.3250 mm): Pad 3 [/QT_3V3] of Q8 on F.Cu
[unconnected_items]: Missing connection between items
    Local override; error
    @(100.9125 mm, 125.3250 mm): Pad 2 [/QT_SDA] of R29 on F.Cu
    @(130.8625 mm, 124.3750 mm): Pad 1 [/QT_SDA] of U8 on F.Cu
[unconnected_items]: Missing connection between items
    Local override; error
    @(130.8625 mm, 124.3750 mm): Pad 1 [/QT_SDA] of U8 on F.Cu
    @(140.9375 mm, 117.3250 mm): Pad 3 [/QT_SDA] of Q9 on F.Cu
[unconnected_items]: Missing connection between items
    Local override; error
    @(62.2980 mm, 77.3517 mm): Pad B5 [/CC2] of J1 on F.Cu
    @(193.5000 mm, 71.3625 mm): Pad 1 [/CC2] of R11 on F.Cu
[unconnected_items]: Missing connection between items
    Local override; error
    @(34.2500 mm, 82.5000 mm): Pad 2 [/LED_STAT] of D3 on F.Cu
    @(206.5000 mm, 69.8625 mm): Pad 2 [/LED_STAT] of R16 on F.Cu
[unconnected_items]: Missing connection between items
    Local override; error
    @(145.5000 mm, 87.5000 mm): Pad 2 [/BOOST_SW] of L1 on F.Cu
    @(131.4000 mm, 92.0000 mm): Pad 2 [/BOOST_SW] of D4 on F.Cu
[unconnected_items]: Missing connection between items
    Local override; error
    @(160.9500 mm, 86.8625 mm): Pad 1 [/BOOST_SW] of U7 on F.Cu
    @(145.5000 mm, 87.5000 mm): Pad 2 [/BOOST_SW] of L1 on F.Cu
[unconnected_items]: Missing connection between items
    Local override; error
    @(158.5875 mm, 84.0000 mm): Pad 1 [/BOOST_FB] of R23 on F.Cu
    @(154.4125 mm, 84.0000 mm): Pad 2 [/BOOST_FB] of R22 on F.Cu
[unconnected_items]: Missing connection between items
    Local override; error
    @(159.0500 mm, 86.8625 mm): Pad 3 [/BOOST_FB] of U7 on F.Cu
    @(158.5875 mm, 84.0000 mm): Pad 1 [/BOOST_FB] of R23 on F.Cu
[unconnected_items]: Missing connection between items
    Local override; error
    @(124.9375 mm, 117.3250 mm): Pad 3 [/QT_SCL] of Q10 on F.Cu
    @(108.9125 mm, 125.3250 mm): Pad 2 [/QT_SCL] of R30 on F.Cu
[unconnected_items]: Missing connection between items
    Local override; error
    @(130.8625 mm, 126.2750 mm): Pad 3 [/QT_SCL] of U8 on F.Cu
    @(124.9375 mm, 117.3250 mm): Pad 3 [/QT_SCL] of Q10 on F.Cu
[unconnected_items]: Missing connection between items
    Local override; error
    @(142.9375 mm, 64.0000 mm): Pad 3 [/VBAT] of Q5 on F.Cu
    @(152.5625 mm, 91.0000 mm): Pad 3 [/VBAT] of Q3 on F.Cu
[unconnected_items]: Missing connection between items
    Local override; error
    @(163.0375 mm, 59.5000 mm): Pad 1 [/VBAT] of R20 on F.Cu
    @(142.9375 mm, 64.0000 mm): Pad 3 [/VBAT] of Q5 on F.Cu
[unconnected_items]: Missing connection between items
    Local override; error
    @(59.2980 mm, 77.3517 mm): Pad A5 [/CC1] of J1 on F.Cu
    @(187.4125 mm, 71.9500 mm): Pad 1 [/CC1] of R10 on F.Cu
[unconnected_items]: Missing connection between items
    Local override; error
    @(106.2500 mm, 117.8250 mm): Pad 1 [/CHG_STAT] of D2 on F.Cu
    @(115.0875 mm, 125.3250 mm): Pad 1 [/CHG_STAT] of R31 on F.Cu
[unconnected_items]: Missing connection between items
    Local override; error
    @(166.8125 mm, 54.5500 mm): Pad 1 [/CHG_STAT] of U3 on F.Cu
    @(106.2500 mm, 117.8250 mm): Pad 1 [/CHG_STAT] of D2 on F.Cu
[unconnected_items]: Missing connection between items
    Local override; error
    @(169.0875 mm, 54.5500 mm): Pad 5 [/PROG] of U3 on F.Cu
    @(172.4500 mm, 54.4125 mm): Pad 1 [/PROG] of R14 on F.Cu
[unconnected_items]: Missing connection between items
    Local override; error
    @(116.5000 mm, 115.3250 mm): Pad 3 [Net-(J5-Pin_3)] of J5 on F.Cu
    @(133.1375 mm, 124.3750 mm): Pad 6 [Net-(J5-Pin_3)] of U8 on F.Cu
[unconnected_items]: Missing connection between items
    Local override; error
    @(117.5000 mm, 115.3250 mm): Pad 4 [Net-(J5-Pin_4)] of J5 on F.Cu
    @(133.1375 mm, 126.2750 mm): Pad 4 [Net-(J5-Pin_4)] of U8 on F.Cu
[unconnected_items]: Missing connection between items
    Local override; error
    @(109.7500 mm, 117.8250 mm): Pad 2 [/LED_CHG] of D2 on F.Cu
    @(161.5375 mm, 50.5000 mm): Pad 2 [/LED_CHG] of R15 on F.Cu

** Found 7 Footprint errors **
[extra_footprint]: Extra footprint
    Local override; warning
    @(35.9080 mm, 35.9080 mm): Footprint H3
[extra_footprint]: Extra footprint
    Local override; warning
    @(30.0000 mm, 40.0000 mm): Footprint FID3
[extra_footprint]: Extra footprint
    Local override; warning
    @(83.0000 mm, 71.0000 mm): Footprint FID1
[extra_footprint]: Extra footprint
    Local override; warning
    @(35.9080 mm, 74.0920 mm): Footprint H2
[extra_footprint]: Extra footprint
    Local override; warning
    @(24.2640 mm, 68.8180 mm): Footprint FID2
[extra_footprint]: Extra footprint
    Local override; warning
    @(74.0920 mm, 35.9080 mm): Footprint H4
[extra_footprint]: Extra footprint
    Local override; warning
    @(74.0900 mm, 74.0900 mm): Footprint H1

** Ignored checks **
    - Footprint has no courtyard defined
    - Track endpoint not centered on via
    - Tuning profile track geometries
    - Footprint doesn't match symbol's footprint filters
    - Footprint component type doesn't match footprint pads

** End of Report **
