** Drc report for air-quality-pcb-v7.kicad_pcb **
** Created on 2026-10-01T17:12:54 **
** Report includes: Errors, Warnings **

** Found 8 DRC violations **
[clearance]: Freiraum-Verstoß ( Freiraum 0,2000 mm; tatsächlich 0,1891 mm)
    Local override; error
    @(79.5000 mm, 44.4046 mm): Polygon [/BOOST_SW] on F.Cu
    @(75.4000 mm, 49.2844 mm): Track [/BOOST_IN] on F.Cu, length 0.8619 mm
[clearance]: Freiraum-Verstoß ( Freiraum 0,2000 mm; tatsächlich 0,1789 mm)
    Local override; error
    @(75.4000 mm, 47.3625 mm): Pad 2 [/GND] of U7 on F.Cu
    @(72.0000 mm, 48.5500 mm): Track [/BOOST_IN] on F.Cu, length 2.9750 mm
[clearance]: Freiraum-Verstoß ( Freiraum 0,2000 mm; tatsächlich 0,1789 mm)
    Local override; error
    @(75.4000 mm, 47.3625 mm): Pad 2 [/GND] of U7 on F.Cu
    @(74.9750 mm, 48.5500 mm): Track [/BOOST_IN] on F.Cu, length 0.6010 mm
[clearance]: Freiraum-Verstoß ( Freiraum 0,2000 mm; tatsächlich 0,1750 mm)
    Local override; error
    @(76.0094 mm, 48.6750 mm): Track [/BOOST_IN] on F.Cu, length 1.8429 mm
    @(79.5000 mm, 44.4046 mm): Polygon [/BOOST_SW] on F.Cu
[clearance]: Freiraum-Verstoß ( Freiraum 0,2000 mm; tatsächlich 0,1750 mm)
    Local override; error
    @(77.8524 mm, 48.6750 mm): Track [/BOOST_IN] on F.Cu, length 2.2634 mm
    @(79.5000 mm, 44.4046 mm): Polygon [/BOOST_SW] on F.Cu
[solder_mask_bridge]: Vorderseitige Lötstoppöffnung über Elementen mit verschiedenen Netzen
    Rule: Mindestbreite der Lötstoppmaske aus Platinenkonfiguration; error
    @(76.0094 mm, 48.6750 mm): Track [/BOOST_IN] on F.Cu, length 1.8429 mm
    @(76.3500 mm, 49.6375 mm): Pad 6 [unconnected-(U7-NC-Pad6)] of U7 on F.Cu
[solder_mask_bridge]: Vorderseitige Lötstoppöffnung über Elementen mit verschiedenen Netzen
    Rule: Mindestbreite der Lötstoppmaske aus Platinenkonfiguration; error
    @(75.4000 mm, 49.2844 mm): Track [/BOOST_IN] on F.Cu, length 0.8619 mm
    @(76.3500 mm, 49.6375 mm): Pad 6 [unconnected-(U7-NC-Pad6)] of U7 on F.Cu
[silk_overlap]: Silkscreen clearance
    Rule: Einschränkungen aus Platinenkonfiguration zum Bestückungsdruck; warning
    @(77.3428 mm, 50.8854 mm): Segment of L1 on F.Silkscreen
    @(76.9100 mm, 47.0500 mm): Polygon of U7 on F.Silkscreen

** Found 0 unconnected pads **

** Found 7 Footprint errors **
[extra_footprint]: Extra footprint
    Local override; warning
    @(35.9080 mm, 35.9080 mm): Footprint H3
[extra_footprint]: Extra footprint
    Local override; warning
    @(32.0000 mm, 31.5000 mm): Footprint FID3
[extra_footprint]: Extra footprint
    Local override; warning
    @(78.5000 mm, 32.0000 mm): Footprint FID1
[extra_footprint]: Extra footprint
    Local override; warning
    @(35.9080 mm, 74.0920 mm): Footprint H2
[extra_footprint]: Extra footprint
    Local override; warning
    @(40.0000 mm, 70.5000 mm): Footprint FID2
[extra_footprint]: Extra footprint
    Local override; warning
    @(74.0920 mm, 35.9080 mm): Footprint H4
[extra_footprint]: Extra footprint
    Local override; warning
    @(74.0900 mm, 74.0900 mm): Footprint H1

** Ignored checks **
    - Footprint has no courtyard defined
    - Track endpoint not centered on via
    - Tuning profile track geometries
    - Footprint doesn't match symbol's footprint filters
    - Footprint component type doesn't match footprint pads

** End of Report **
